
> vid-converts@0.1.0 build
> next build

  ▲ Next.js 14.2.18
  - Environments: .env.local

   Creating an optimized production build ...
 ✓ Compiled successfully
   Linting and checking validity of types ...
